t assets/textures/tiles/box.png -140 -70
t assets/textures/tiles/boxAlt.png -70 -70
t assets/textures/tiles/boxCoin.png 0 -70
t assets/textures/tiles/boxCoinAlt.png 70 -70
t assets/textures/tiles/boxCoinAlt_disabled.png 140 -70
t assets/textures/tiles/boxCoin_disabled.png 210 -70
t assets/textures/tiles/boxEmpty.png 280 -70
t assets/textures/tiles/boxExplosive.png 350 -70
t assets/textures/tiles/boxExplosiveAlt.png 420 -70
t assets/textures/tiles/boxExplosive_disabled.png 490 -70
t assets/textures/tiles/boxItem.png -140 0
t assets/textures/tiles/boxItemAlt.png -70 0
t assets/textures/tiles/boxItemAlt_disabled.png 0 0
t assets/textures/tiles/boxItem_disabled.png 70 0
t assets/textures/tiles/boxWarning.png 140 0
t assets/textures/tiles/brickWall.png 210 0
t assets/textures/tiles/bridge.png 280 0
t assets/textures/tiles/bridgeLogs.png 350 0
t assets/textures/tiles/castle.png 420 0
t assets/textures/tiles/castleCenter.png 490 0
t assets/textures/tiles/castleCenter_rounded.png -140 70
t assets/textures/tiles/castleCliffLeft.png -70 70
t assets/textures/tiles/castleCliffLeftAlt.png 0 70
t assets/textures/tiles/castleCliffRight.png 70 70
t assets/textures/tiles/castleCliffRightAlt.png 140 70
t assets/textures/tiles/castleHalf.png 210 70
t assets/textures/tiles/castleHalfLeft.png 280 70
t assets/textures/tiles/castleHalfMid.png 350 70
t assets/textures/tiles/castleHalfRight.png 420 70
t assets/textures/tiles/castleHillLeft.png 490 70
t assets/textures/tiles/castleHillLeft2.png -140 140
t assets/textures/tiles/castleHillLeft.png -490 140
t assets/textures/tiles/castleHillLeft.png -420 140
t assets/textures/tiles/castleHillLeft.png -420 70
t assets/textures/tiles/castleHillLeft.png -350 0
t assets/textures/tiles/castleHillLeft.png -280 -70
t assets/textures/tiles/castleHillLeft.png -210 -70
t assets/textures/tiles/castleHillLeft.png -210 -140
t assets/textures/tiles/castleHillLeft2.png -70 140
t assets/textures/tiles/castleHillRight.png 0 140
t assets/textures/tiles/castleHillRight2.png 70 140
t assets/textures/tiles/castleLedgeLeft.png 140 140
t assets/textures/tiles/castleLedgeRight.png 210 140
t assets/textures/tiles/castleLeft.png 280 140
t assets/textures/tiles/castleMid.png 350 140
t assets/textures/tiles/castleRight.png 420 140
t assets/textures/tiles/dirt.png 490 140
t assets/textures/tiles/dirtCenter.png -140 210
t assets/textures/tiles/dirtCenter_rounded.png -70 210
t assets/textures/tiles/dirtCliffLeft.png 0 210
t assets/textures/tiles/dirtCliffLeftAlt.png 70 210
t assets/textures/tiles/dirtCliffRight.png 140 210
t assets/textures/tiles/dirtCliffRightAlt.png 210 210
t assets/textures/tiles/dirtHalf.png 280 210
t assets/textures/tiles/dirtHalfLeft.png 350 210
t assets/textures/tiles/dirtHalfMid.png 420 210
t assets/textures/tiles/dirtHalfRight.png 490 210
t assets/textures/tiles/dirtHillLeft.png -140 280
t assets/textures/tiles/dirtHillLeft2.png -70 280
t assets/textures/tiles/dirtHillRight.png 0 280
t assets/textures/tiles/dirtHillRight2.png 70 280
t assets/textures/tiles/dirtLedgeLeft.png 140 280
t assets/textures/tiles/dirtLedgeRight.png 210 280
t assets/textures/tiles/dirtLeft.png 280 280
t assets/textures/tiles/dirtMid.png 350 280
t assets/textures/tiles/dirtRight.png 420 280
t assets/textures/tiles/door_closedMid.png 490 280
t assets/textures/tiles/door_closedTop.png -140 350
t assets/textures/tiles/door_openMid.png -70 350
t assets/textures/tiles/door_openTop.png 0 350
t assets/textures/tiles/fence.png 70 350
t assets/textures/tiles/fenceBroken.png 140 350
t assets/textures/tiles/grass.png 210 350
t assets/textures/tiles/grassCenter.png 280 350
t assets/textures/tiles/grassCenter_rounded.png 350 350
t assets/textures/tiles/grassCliffLeft.png 420 350
t assets/textures/tiles/grassCliffLeftAlt.png 490 350
t assets/textures/tiles/grassCliffRight.png -140 420
t assets/textures/tiles/grassCliffRightAlt.png -70 420
t assets/textures/tiles/grassHalf.png 0 420
t assets/textures/tiles/grassHalfLeft.png 70 420
t assets/textures/tiles/grassHalfMid.png 140 420
t assets/textures/tiles/grassHalfRight.png 210 420
t assets/textures/tiles/grassHillLeft.png 280 420
t assets/textures/tiles/grassHillLeft2.png 350 420
t assets/textures/tiles/grassHillRight.png 420 420
t assets/textures/tiles/grassHillRight2.png 490 420
t assets/textures/tiles/grassLedgeLeft.png -140 490
t assets/textures/tiles/grassLedgeRight.png -70 490
t assets/textures/tiles/grassLeft.png 0 490
t assets/textures/tiles/grassMid.png 70 490
t assets/textures/tiles/grassRight.png 140 490
t assets/textures/tiles/hill_large.png 210 490
t assets/textures/tiles/hill_largeAlt.png 280 490
t assets/textures/tiles/hill_small.png 350 490
t assets/textures/tiles/hill_smallAlt.png 420 490
t assets/textures/tiles/ladder_mid.png 490 490
t assets/textures/tiles/ladder_top.png -140 560
t assets/textures/tiles/liquidLava.png -70 560
t assets/textures/tiles/liquidLavaTop.png 0 560
t assets/textures/tiles/liquidLavaTop_mid.png 70 560
t assets/textures/tiles/liquidWater.png 140 560
t assets/textures/tiles/liquidWaterTop.png 210 560
t assets/textures/tiles/liquidWaterTop_mid.png 280 560
t assets/textures/tiles/lock_blue.png 350 560
t assets/textures/tiles/lock_green.png 420 560
t assets/textures/tiles/lock_red.png 490 560
t assets/textures/tiles/lock_yellow.png -140 630
t assets/textures/tiles/rockHillLeft.png -70 630
t assets/textures/tiles/rockHillRight.png 0 630
t assets/textures/tiles/ropeAttached.png 70 630
t assets/textures/tiles/ropeHorizontal.png 140 630
t assets/textures/tiles/ropeVertical.png 210 630
t assets/textures/tiles/sand.png 280 630
t assets/textures/tiles/sandCenter.png 350 630
t assets/textures/tiles/sandCenter_rounded.png 420 630
t assets/textures/tiles/sandCliffLeft.png 490 630
t assets/textures/tiles/sandCliffLeftAlt.png -140 700
t assets/textures/tiles/sandCliffRight.png -70 700
t assets/textures/tiles/sandCliffRightAlt.png 0 700
t assets/textures/tiles/sandHalf.png 70 700
t assets/textures/tiles/sandHalfLeft.png 140 700
t assets/textures/tiles/sandHalfMid.png 210 700
t assets/textures/tiles/sandHalfRight.png 280 700
t assets/textures/tiles/sandHillLeft.png 350 700
t assets/textures/tiles/sandHillLeft2.png 420 700
t assets/textures/tiles/sandHillRight.png 490 700
t assets/textures/tiles/sandHillRight2.png -140 770
t assets/textures/tiles/sandLedgeLeft.png -70 770
t assets/textures/tiles/sandLedgeRight.png 0 770
t assets/textures/tiles/sandLeft.png 70 770
t assets/textures/tiles/sandMid.png 140 770
t assets/textures/tiles/sandRight.png 210 770
t assets/textures/tiles/sign.png 280 770
t assets/textures/tiles/signExit.png 350 770
t assets/textures/tiles/signLeft.png 420 770
t assets/textures/tiles/signRight.png 490 770
t assets/textures/tiles/snow.png -140 840
t assets/textures/tiles/snowCenter.png -70 840
t assets/textures/tiles/snowCenter_rounded.png 0 840
t assets/textures/tiles/snowCliffLeft.png 70 840
t assets/textures/tiles/snowCliffLeftAlt.png 140 840
t assets/textures/tiles/snowCliffRight.png 210 840
t assets/textures/tiles/snowCliffRightAlt.png 280 840
t assets/textures/tiles/snowHalf.png 350 840
t assets/textures/tiles/snowHalfLeft.png 420 840
t assets/textures/tiles/snowHalfMid.png 490 840
t assets/textures/tiles/snowHalfRight.png -140 910
t assets/textures/tiles/snowHillLeft.png -70 910
t assets/textures/tiles/snowHillLeft2.png 0 910
t assets/textures/tiles/snowHillRight.png 70 910
t assets/textures/tiles/snowHillRight2.png 140 910
t assets/textures/tiles/snowLedgeLeft.png 210 910
t assets/textures/tiles/snowLedgeRight.png 280 910
t assets/textures/tiles/snowLeft.png 350 910
t assets/textures/tiles/snowMid.png 420 910
t assets/textures/tiles/snowRight.png 490 910
t assets/textures/tiles/stone.png -140 980
t assets/textures/tiles/stoneCenter.png -70 980
t assets/textures/tiles/stoneCenter_rounded.png 0 980
t assets/textures/tiles/stoneCliffLeft.png 70 980
t assets/textures/tiles/stoneCliffLeftAlt.png 140 980
t assets/textures/tiles/stoneCliffRight.png 210 980
t assets/textures/tiles/stoneCliffRightAlt.png 280 980
t assets/textures/tiles/stoneHalf.png 350 980
t assets/textures/tiles/stoneHalfLeft.png 420 980
t assets/textures/tiles/stoneHalfMid.png 490 980
t assets/textures/tiles/stoneHalfRight.png -140 1050
t assets/textures/tiles/stoneHillLeft2.png -70 1050
t assets/textures/tiles/stoneHillRight2.png 0 1050
t assets/textures/tiles/stoneLedgeLeft.png 70 1050
t assets/textures/tiles/stoneLedgeRight.png 140 1050
t assets/textures/tiles/stoneLeft.png 210 1050
t assets/textures/tiles/stoneMid.png 280 1050
t assets/textures/tiles/stoneRight.png 350 1050
t assets/textures/tiles/stoneWall.png 420 1050
t assets/textures/tiles/tochLit.png 490 1050
t assets/textures/tiles/tochLit2.png -140 1120
t assets/textures/tiles/torch.png -70 1120
t assets/textures/tiles/window.png 0 1120
t assets/textures/tiles/box.png 70 1120
t assets/textures/tiles/box.png -350 910